========================================================================================================================
FULL DATASET CLASSIFICATION TEST
Date: 2026-02-20T10:47:05.134838
Images found: 1338
========================================================================================================================

#    Filename                                 Expected   Result       Conf   Reason                                   Status
------------------------------------------------------------------------------------------------------------------------
1    001_01.PNG                               SIGN       SIGN           93% high_complexity=10.00                    OK    
2    001_02.PNG                               SIGN       PUNCT          81% sparse_marks: cc=3, endpoints=156        XX    
3    001_03.PNG                               SIGN       SIGN           93% high_complexity=10.00                    OK    
4    001_04.PNG                               SIGN       SIGN           93% high_complexity=10.00                    OK    
5    001_05.PNG                               SIGN       PUNCT          81% sparse_marks: cc=4, endpoints=171        XX    
6    001_06.PNG                               SIGN       PUNCT          81% sparse_marks: cc=3, endpoints=161        XX    
7    001_07.PNG                               SIGN       SIGN           93% high_complexity=10.00                    OK    
8    001_08.PNG                               SIGN       PUNCT          81% sparse_marks: cc=4, endpoints=141        XX    
9    001_09.PNG                               SIGN       PUNCT          81% sparse_marks: cc=4, endpoints=104        XX    
10   001_10.PNG                               SIGN       SIGN           93% high_complexity=10.00                    OK    
11   001_11.PNG                               SIGN       SIGN           93% high_complexity=10.00                    OK    
12   001_12.PNG                               SIGN       PUNCT          81% sparse_marks: cc=4, endpoints=174        XX    
13   001_13.PNG                               SIGN       SIGN           93% high_complexity=10.00                    OK    
14   001_14.PNG                               SIGN       SIGN           93% high_complexity=10.00                    OK    
15   001_15.PNG                               SIGN       SIGN           93% high_complexity=10.00                    OK    
16   001_16.PNG                               SIGN       SIGN           93% high_complexity=10.00                    OK    
17   001_17.PNG                               SIGN       SIGN           93% high_complexity=10.00                    OK    
18   001_18.PNG                               SIGN       SIGN           93% high_complexity=10.00                    OK    
19   001_19.PNG                               SIGN       PUNCT          81% sparse_marks: cc=4, endpoints=170        XX    
20   001_20.PNG                               SIGN       SIGN           93% high_complexity=10.00                    OK    
21   001_21.PNG                               SIGN       PUNCT          81% sparse_marks: cc=4, endpoints=167        XX    
22   001_22.PNG                               SIGN       SIGN           93% high_complexity=10.00                    OK    
23   001_23.PNG                               SIGN       PUNCT          81% sparse_marks: cc=3, endpoints=164        XX    
24   001_24.PNG                               SIGN       SIGN           93% high_complexity=10.00                    OK    
25   0091713C-E0D1-4D5F-8AED-5D30092F60D2.heic SIGN       SIGN           93% high_complexity=10.00                    OK    
26   00E63411-4E8D-4A02-93B6-ACA4384B530C.heic SIGN       SIGN           93% high_complexity=10.00                    OK    
27   010E64F7-943B-495A-B1BC-39A15F046F01.heic SIGN       SIGN           93% high_complexity=10.00                    OK    
28   0119001_04.png                           SIGN       PUNCT          81% sparse_marks: cc=3, endpoints=257        XX    
29   01_0101027.PNG                           SIGN       PUNCT          82% geometric_punct: cc=3, skel=5809         XX    
30   01_0101038.PNG                           SIGN       SIGN           93% high_complexity=10.00                    OK    
31   01_0101066.PNG                           SIGN       SIGN           93% high_complexity=10.00                    OK    
32   01_0102024.PNG                           SIGN       PUNCT          82% geometric_punct: cc=2, skel=3844         XX    
33   01_0102039.PNG                           SIGN       SIGN           93% high_complexity=10.00                    OK    
34   01_0102054.PNG                           SIGN       SIGN           93% high_complexity=10.00                    OK    
35   01_0102061.PNG                           SIGN       SIGN           93% high_complexity=10.00                    OK    
36   01_0103031.PNG                           SIGN       SIGN           93% high_complexity=10.00                    OK    
37   01_0103034.PNG                           SIGN       PUNCT          82% geometric_punct: cc=2, skel=5666         XX    
38   01_0103035.PNG                           SIGN       SIGN           93% high_complexity=10.00                    OK    
39   01_013.png                               SIGN       SIGN           93% high_complexity=10.00                    OK    
40   01_017.png                               SIGN       SIGN           93% high_complexity=10.00                    OK    
41   01_018.png                               SIGN       SIGN           93% high_complexity=10.00                    OK    
42   01_019.png                               SIGN       SIGN           93% high_complexity=10.00                    OK    
43   01_020.png                               SIGN       PUNCT          82% geometric_punct: cc=3, skel=4359         XX    
44   01_0201035.PNG                           SIGN       PUNCT          81% sparse_marks: cc=4, endpoints=272        XX    
45   01_0201043.PNG                           SIGN       PUNCT          82% geometric_punct: cc=2, skel=4841         XX    
46   01_0201062.PNG                           SIGN       SIGN           93% high_complexity=10.00                    OK    
47   01_0202018.PNG                           SIGN       PUNCT          81% sparse_marks: cc=3, endpoints=72         XX    
48   01_0202053.PNG                           SIGN       PUNCT          82% geometric_punct: cc=3, skel=3873         XX    
49   01_0202055.PNG                           SIGN       SIGN           93% high_complexity=10.00                    OK    
50   01_0203013.PNG                           SIGN       SIGN           93% high_complexity=10.00                    OK    
51   01_0203023.PNG                           SIGN       SIGN           93% high_complexity=10.00                    OK    
52   01_0203029.PNG                           SIGN       SIGN           93% high_complexity=10.00                    OK    
53   01_0203033.PNG                           SIGN       PUNCT          82% geometric_punct: cc=3, skel=4173         XX    
54   01_0203064.PNG                           SIGN       SIGN           93% high_complexity=10.00                    OK    
55   01_021.png                               SIGN       SIGN           93% high_complexity=10.00                    OK    
56   01_0212047.PNG                           SIGN       SIGN           93% high_complexity=10.00                    OK    
57   01_0212066.PNG                           SIGN       PUNCT          81% sparse_marks: cc=2, endpoints=280        XX    
58   01_0212067.PNG                           SIGN       SIGN           93% high_complexity=10.00                    OK    
59   01_0213020.PNG                           SIGN       SIGN           93% high_complexity=10.00                    OK    
60   01_0213030.PNG                           SIGN       PUNCT          81% sparse_marks: cc=3, endpoints=303        XX    
61   01_0213033.PNG                           SIGN       SIGN           93% high_complexity=10.00                    OK    
62   01_0213038.PNG                           SIGN       SIGN           93% high_complexity=10.00                    OK    
63   01_0214022.PNG                           SIGN       SIGN           93% high_complexity=10.00                    OK    
64   01_0214037.PNG                           SIGN       SIGN           93% high_complexity=10.00                    OK    
65   01_0214054.PNG                           SIGN       SIGN           93% high_complexity=10.00                    OK    
66   01_022.png                               SIGN       PUNCT          82% geometric_punct: cc=3, skel=5107         XX    
67   01_023.png                               SIGN       SIGN           93% high_complexity=10.00                    OK    
68   01_024.png                               SIGN       SIGN           93% high_complexity=10.00                    OK    
69   01_025.png                               SIGN       SIGN           93% high_complexity=10.00                    OK    
70   01_026.png                               SIGN       SIGN           93% high_complexity=10.00                    OK    
71   01_027.png                               SIGN       PUNCT          81% sparse_marks: cc=3, endpoints=197        XX    
72   01_028.png                               SIGN       SIGN           93% high_complexity=10.00                    OK    
73   01_029.png                               SIGN       SIGN           93% high_complexity=10.00                    OK    
74   01_030.png                               SIGN       SIGN           93% high_complexity=10.00                    OK    
75   01_031.png                               SIGN       SIGN           93% high_complexity=10.00                    OK    
76   01_032.png                               SIGN       SIGN           93% high_complexity=10.00                    OK    
77   01_033.png                               SIGN       SIGN           93% high_complexity=10.00                    OK    
78   01_034.png                               SIGN       SIGN           93% high_complexity=10.00                    OK    
79   01_035.png                               SIGN       PUNCT          81% sparse_marks: cc=4, endpoints=392        XX    
80   01_036.png                               SIGN       PUNCT          82% geometric_punct: cc=2, skel=6028         XX    
81   01_037.png                               SIGN       PUNCT          82% geometric_punct: cc=3, skel=5589         XX    
82   01_038.png                               SIGN       PUNCT          82% geometric_punct: cc=2, skel=5973         XX    
83   01_039.png                               SIGN       SIGN           93% high_complexity=10.00                    OK    
84   01_040.png                               SIGN       SIGN           93% high_complexity=10.00                    OK    
85   01_041.png                               SIGN       SIGN           93% high_complexity=10.00                    OK    
86   01_042.png                               SIGN       SIGN           93% high_complexity=10.00                    OK    
87   01_043.png                               SIGN       SIGN           93% high_complexity=10.00                    OK    
88   01_044.png                               SIGN       SIGN           93% high_complexity=10.00                    OK    
89   01_045.png                               SIGN       PUNCT          82% geometric_punct: cc=3, skel=4702         XX    
90   01_046.png                               SIGN       SIGN           93% high_complexity=10.00                    OK    
91   01_047.png                               SIGN       SIGN           93% high_complexity=10.00                    OK    
92   01_048.png                               SIGN       SIGN           93% high_complexity=10.00                    OK    
93   01_049.png                               SIGN       SIGN           93% high_complexity=10.00                    OK    
94   01_050.png                               SIGN       SIGN           93% high_complexity=10.00                    OK    
95   01_051.png                               SIGN       SIGN           93% high_complexity=10.00                    OK    
96   01_052.png                               SIGN       SIGN           93% high_complexity=10.00                    OK    
97   01_053.png                               SIGN       SIGN           93% high_complexity=10.00                    OK    
98   01_054.png                               SIGN       SIGN           93% high_complexity=10.00                    OK    
99   01_055.png                               SIGN       PUNCT          81% sparse_marks: cc=2, endpoints=290        XX    
100  01_056.png                               SIGN       PUNCT          82% geometric_punct: cc=2, skel=3957         XX    
101  01_057.png                               SIGN       SIGN           93% high_complexity=10.00                    OK    
102  01_058.png                               SIGN       SIGN           93% high_complexity=10.00                    OK    
103  01_059.png                               SIGN       SIGN           93% high_complexity=10.00                    OK    
104  01_060.png                               SIGN       SIGN           93% high_complexity=10.00                    OK    
105  01_061.png                               SIGN       SIGN           93% high_complexity=10.00                    OK    
106  01_062.png                               SIGN       SIGN           93% high_complexity=10.00                    OK    
107  01_063.png                               SIGN       SIGN           93% high_complexity=10.00                    OK    
108  01_064.png                               SIGN       PUNCT          81% sparse_marks: cc=2, endpoints=240        XX    
109  01_065.png                               SIGN       SIGN           93% high_complexity=10.00                    OK    
110  01_066.png                               SIGN       SIGN           93% high_complexity=10.00                    OK    
111  01_067.png                               SIGN       SIGN           93% high_complexity=10.00                    OK    
112  01_068.png                               SIGN       SIGN           93% high_complexity=10.00                    OK    
113  01_069.png                               SIGN       SIGN           93% high_complexity=10.00                    OK    
114  0201001_04.png                           SIGN       SIGN           93% high_complexity=10.00                    OK    
115  031BC602-CD41-4E1C-8508-40A9DDF4AAA5.heic SIGN       SIGN           93% high_complexity=10.00                    OK    
116  03C9DD12-958B-42CB-8E90-5FAA44B9DB31.heic SIGN       SIGN           93% high_complexity=10.00                    OK    
117  048D751F-2689-44D0-85B8-D0373514DF4A.heic SIGN       SIGN           93% high_complexity=10.00                    OK    
118  059DF602-FD2A-46C0-8CDE-125F77CAF58F.heic SIGN       SIGN           93% high_complexity=10.00                    OK    
119  06858C1C-E60A-4FDD-8E3B-CDD1E172BF2E.heic SIGN       SIGN           93% high_complexity=10.00                    OK    
120  06D3183D-CF80-4DCE-B8B5-445557505F57.heic SIGN       SIGN           93% high_complexity=10.00                    OK    
121  082ACAEE-47BD-4508-AA3A-34AA9A3BB03C.heic SIGN       SIGN           93% high_complexity=10.00                    OK    
122  08602502-7B85-424B-8776-D5379D533B24.heic SIGN       SIGN           93% high_complexity=10.00                    OK    
123  09ACBBEE-E4D9-43B3-A9F0-0F25BE93BFB7.heic SIGN       SIGN           93% high_complexity=10.00                    OK    
124  0B50AC0F-3AE7-44F9-A288-ECDCA6CC4247.heic SIGN       SIGN           93% high_complexity=10.00                    OK    
125  0B9E36A0-0153-4732-806A-193B1C5F91F5.heic SIGN       SIGN           93% high_complexity=10.00                    OK    
126  0BA08F75-3D8D-4FAF-95AA-5F56867DB3C3.heic SIGN       SIGN           93% high_complexity=10.00                    OK    
127  1-001_01.jpg                             SIGN       SIGN           93% high_complexity=10.00                    OK    
128  1-002_01.jpg                             SIGN       PUNCT          81% sparse_marks: cc=2, endpoints=120        XX    
129  1-003_01.jpg                             SIGN       SIGN           93% high_complexity=10.00                    OK    
130  1-004_01.jpg                             SIGN       SIGN           93% high_complexity=10.00                    OK    
131  1-005_01.jpg                             SIGN       SIGN           93% high_complexity=10.00                    OK    
132  1.png                                    SIGN       PUNCT          81% sparse_marks: cc=4, endpoints=211        XX    
133  10-001_01.jpg                            SIGN       SIGN           93% high_complexity=10.00                    OK    
134  10-002_01.jpg                            SIGN       PUNCT          81% sparse_marks: cc=3, endpoints=137        XX    
135  10-003_01.jpg                            SIGN       PUNCT          81% sparse_marks: cc=2, endpoints=93         XX    
136  10-004_01.jpg                            SIGN       SIGN           93% high_complexity=10.00                    OK    
137  10-005_01.jpg                            SIGN       SIGN           93% high_complexity=10.00                    OK    
138  11-001_01.jpg                            SIGN       PUNCT          81% sparse_marks: cc=3, endpoints=111        XX    
139  11-002_01.jpg                            SIGN       PUNCT          81% sparse_marks: cc=4, endpoints=110        XX    
140  11-003_01.jpg                            SIGN       PUNCT          81% sparse_marks: cc=2, endpoints=94         XX    
141  11-004_01.jpg                            SIGN       SIGN           93% high_complexity=10.00                    OK    
142  11-005_01.jpg                            SIGN       PUNCT          81% sparse_marks: cc=3, endpoints=99         XX    
143  12-001_01.jpg                            SIGN       PUNCT          81% sparse_marks: cc=2, endpoints=90         XX    
144  12-002_01.jpg                            SIGN       PUNCT          81% sparse_marks: cc=2, endpoints=97         XX    
145  12-003_01.jpg                            SIGN       PUNCT          81% sparse_marks: cc=2, endpoints=65         XX    
146  12-004_01.jpg                            SIGN       PUNCT          81% sparse_marks: cc=3, endpoints=55         XX    
147  12-005_01.jpg                            SIGN       SIGN           93% high_complexity=10.00                    OK    
148  13-001_01.jpg                            SIGN       PUNCT          81% sparse_marks: cc=2, endpoints=53         XX    
149  13-002_01.jpg                            SIGN       PUNCT          81% sparse_marks: cc=3, endpoints=66         XX    
150  13-003_01.jpg                            SIGN       SIGN           93% high_complexity=10.00                    OK    
151  13-004_01.jpg                            SIGN       SIGN           93% high_complexity=10.00                    OK    
152  13-005_01.jpg                            SIGN       PUNCT          81% sparse_marks: cc=2, endpoints=73         XX    
153  14-001_01.jpg                            SIGN       PUNCT          81% sparse_marks: cc=2, endpoints=50         XX    
154  14-002_01.jpg                            SIGN       PUNCT          81% sparse_marks: cc=4, endpoints=126        XX    
155  14-003_01.jpg                            SIGN       PUNCT          81% sparse_marks: cc=2, endpoints=47         XX    
156  14-004_01.jpg                            SIGN       SIGN           93% high_complexity=10.00                    OK    
157  14-005_01.jpg                            SIGN       PUNCT          81% sparse_marks: cc=2, endpoints=108        XX    
158  14641C2E-C78C-4656-B853-F81DD4F84A45.heic SIGN       SIGN           93% high_complexity=10.00                    OK    
159  15-001_01.jpg                            SIGN       SIGN           93% high_complexity=10.00                    OK    
160  15-002_01.jpg                            SIGN       SIGN           93% high_complexity=10.00                    OK    
161  15-003_01.jpg                            SIGN       SIGN           93% high_complexity=10.00                    OK    
162  15-004_01.jpg                            SIGN       SIGN           93% high_complexity=10.00                    OK    
163  15-005_01.jpg                            SIGN       PUNCT          81% sparse_marks: cc=2, endpoints=118        XX    
164  16-001_01.jpg                            SIGN       PUNCT          81% sparse_marks: cc=3, endpoints=162        XX    
165  16-002_01.jpg                            SIGN       PUNCT          81% sparse_marks: cc=4, endpoints=159        XX    
166  16-003_01.jpg                            SIGN       SIGN           93% high_complexity=10.00                    OK    
167  16-004_01.jpg                            SIGN       PUNCT          81% sparse_marks: cc=2, endpoints=128        XX    
168  16-005_01.jpg                            SIGN       PUNCT          81% sparse_marks: cc=2, endpoints=79         XX    
169  16CB78A3-BB0D-40BB-BB38-F702F8ED4489.heic SIGN       SIGN           93% high_complexity=10.00                    OK    
170  17-001_01.jpg                            SIGN       SIGN           93% high_complexity=10.00                    OK    
171  17-002_01.jpg                            SIGN       SIGN           93% high_complexity=10.00                    OK    
172  17-003_01.jpg                            SIGN       SIGN           93% high_complexity=10.00                    OK    
173  17-004_01.jpg                            SIGN       SIGN           93% high_complexity=10.00                    OK    
174  17-005_01.jpg                            SIGN       SIGN           93% high_complexity=10.00                    OK    
175  18-001_01.jpg                            SIGN       SIGN           93% high_complexity=10.00                    OK    
176  18-002_01.jpg                            SIGN       SIGN           93% high_complexity=10.00                    OK    
177  18-003_01.jpg                            SIGN       SIGN           93% high_complexity=10.00                    OK    
178  18-004_01.jpg                            SIGN       SIGN           93% high_complexity=10.00                    OK    
179  18-005_01.jpg                            SIGN       SIGN           93% high_complexity=10.00                    OK    
180  19-001_01.jpg                            SIGN       PUNCT          81% sparse_marks: cc=3, endpoints=104        XX    
181  19-002_01.jpg                            SIGN       SIGN           93% high_complexity=10.00                    OK    
182  19-003_01.jpg                            SIGN       SIGN           93% high_complexity=10.00                    OK    
183  19-004_01.jpg                            SIGN       SIGN           93% high_complexity=10.00                    OK    
184  19-005_01.jpg                            SIGN       SIGN           93% high_complexity=10.00                    OK    
185  1A759003-3C44-447D-BA7A-B8DB540B2E11.heic SIGN       SIGN           93% high_complexity=10.00                    OK    
186  1B669DFF-5888-4C45-86C0-FBF1B49B7C94.heic SIGN       SIGN           93% high_complexity=10.00                    OK    
187  1D498B0D-0352-4888-8A97-80189952924E.heic SIGN       SIGN           93% high_complexity=10.00                    OK    
188  1ED130EF-5A5B-4B21-B9CC-7C9135D74582.heic SIGN       PUNCT          83% geometric_shape: square                  XX    
189  2-001_01.jpg                             SIGN       PUNCT          90% shape=DOT                                XX    
190  2-002_01.jpg                             SIGN       SIGN           93% high_complexity=10.00                    OK    
191  2-003_01.jpg                             SIGN       SIGN           93% high_complexity=10.00                    OK    
192  2-004_01.jpg                             SIGN       SIGN           93% high_complexity=10.00                    OK    
193  2-005_01.jpg                             SIGN       SIGN           93% high_complexity=10.00                    OK    
194  20-001_01.jpg                            SIGN       SIGN           93% high_complexity=10.00                    OK    
195  20-002_01.jpg                            SIGN       SIGN           93% high_complexity=10.00                    OK    
196  20-003_01.jpg                            SIGN       SIGN           93% high_complexity=10.00                    OK    
197  20-004_01.jpg                            SIGN       PUNCT          81% sparse_marks: cc=3, endpoints=104        XX    
198  20-005_01.jpg                            SIGN       SIGN           93% high_complexity=10.00                    OK    
199  21-001_01.jpg                            SIGN       PUNCT          81% sparse_marks: cc=4, endpoints=189        XX    
200  21-002_01.jpg                            SIGN       SIGN           93% high_complexity=10.00                    OK    
201  21-003_01.jpg                            SIGN       SIGN           93% high_complexity=10.00                    OK    
202  21-004_01.jpg                            SIGN       SIGN           93% high_complexity=10.00                    OK    
203  21-005_01.jpg                            SIGN       SIGN           93% high_complexity=10.00                    OK    
204  22-001_01.jpg                            SIGN       SIGN           93% high_complexity=10.00                    OK    
205  22-002_01.jpg                            SIGN       SIGN           93% high_complexity=10.00                    OK    
206  22-003_01.jpg                            SIGN       SIGN           93% high_complexity=10.00                    OK    
207  22-004_01.jpg                            SIGN       PUNCT          81% sparse_marks: cc=4, endpoints=113        XX    
208  22-005_01.jpg                            SIGN       PUNCT          81% sparse_marks: cc=3, endpoints=106        XX    
209  22DCE482-40EC-4C01-8188-96EBCA82FEFE.heic SIGN       SIGN           93% high_complexity=10.00                    OK    
210  23-001_01.jpg                            SIGN       SIGN           93% high_complexity=10.00                    OK    
211  23-002_01.jpg                            SIGN       PUNCT          81% sparse_marks: cc=3, endpoints=193        XX    
212  23-003_01.jpg                            SIGN       PUNCT          81% sparse_marks: cc=3, endpoints=137        XX    
213  23-004_01.jpg                            SIGN       PUNCT          81% sparse_marks: cc=2, endpoints=156        XX    
214  23-005_01.jpg                            SIGN       PUNCT          81% sparse_marks: cc=3, endpoints=172        XX    
215  24-001_01.jpg                            SIGN       SIGN           93% high_complexity=10.00                    OK    
216  24-002_01.jpg                            SIGN       SIGN           93% high_complexity=10.00                    OK    
217  24-003_01.jpg                            SIGN       SIGN           93% high_complexity=10.00                    OK    
218  24-004_01.jpg                            SIGN       SIGN           93% high_complexity=10.00                    OK    
219  24-005_01.jpg                            SIGN       SIGN           93% high_complexity=10.00                    OK    
220  25-001_01.jpg                            SIGN       SIGN           93% high_complexity=10.00                    OK    
221  25-002_01.jpg                            SIGN       SIGN           93% high_complexity=10.00                    OK    
222  25-003_01.jpg                            SIGN       SIGN           93% high_complexity=10.00                    OK    
223  25-004_01.jpg                            SIGN       SIGN           93% high_complexity=10.00                    OK    
224  25-005_01.jpg                            SIGN       PUNCT          81% sparse_marks: cc=2, endpoints=84         XX    
225  253D54BC-878D-4D32-BC3F-0E208F7E28D6.heic SIGN       SIGN           93% high_complexity=10.00                    OK    
226  26-001_01.jpg                            SIGN       PUNCT          81% sparse_marks: cc=2, endpoints=69         XX    
227  26-002_01.jpg                            SIGN       PUNCT          81% sparse_marks: cc=4, endpoints=70         XX    
228  26-003_01.jpg                            SIGN       PUNCT          81% sparse_marks: cc=2, endpoints=85         XX    
229  26-004_01.jpg                            SIGN       PUNCT          81% sparse_marks: cc=3, endpoints=93         XX    
230  26-005_01.jpg                            SIGN       PUNCT          81% sparse_marks: cc=2, endpoints=74         XX    
231  26A704C8-483C-410D-A88E-C2FA00A69715.heic SIGN       SIGN           93% high_complexity=10.00                    OK    
232  27-001_01.jpg                            SIGN       PUNCT          81% sparse_marks: cc=4, endpoints=111        XX    
233  27-002_01.jpg                            SIGN       PUNCT          81% sparse_marks: cc=2, endpoints=137        XX    
234  27-003_01.jpg                            SIGN       SIGN           93% high_complexity=10.00                    OK    
235  27-004_01.jpg                            SIGN       SIGN           93% high_complexity=10.00                    OK    
236  27-005_01.jpg                            SIGN       PUNCT          81% sparse_marks: cc=2, endpoints=84         XX    
237  28-001_01.jpg                            SIGN       PUNCT          81% sparse_marks: cc=2, endpoints=100        XX    
238  28-002_01.jpg                            SIGN       PUNCT          81% sparse_marks: cc=3, endpoints=132        XX    
239  28-003_01.jpg                            SIGN       PUNCT          81% sparse_marks: cc=3, endpoints=144        XX    
240  28-004_01.jpg                            SIGN       SIGN           93% high_complexity=10.00                    OK    
241  28-005_01.jpg                            SIGN       SIGN           93% high_complexity=10.00                    OK    
242  2802C0BC-6603-4AAB-ABF3-9CC9BF9DC773.heic SIGN       SIGN           93% high_complexity=10.00                    OK    
243  29-001_01.jpg                            SIGN       SIGN           93% high_complexity=10.00                    OK    
244  29-002_01.jpg                            SIGN       SIGN           93% high_complexity=10.00                    OK    
245  29-003_01.jpg                            SIGN       SIGN           93% high_complexity=10.00                    OK    
246  29-004_01.jpg                            SIGN       SIGN           93% high_complexity=10.00                    OK    
247  29-005_01.jpg                            SIGN       SIGN           93% high_complexity=10.00                    OK    
248  2D5243FE-9CCA-4432-A1DF-231DED8D0B9A.heic SIGN       SIGN           93% high_complexity=10.00                    OK    
249  2E9EF9A0-6E7D-4247-936B-F41C158589AD.heic SIGN       SIGN           93% high_complexity=10.00                    OK    
250  2F1FC4B2-E21A-47D7-B972-C8DDC69ABE40.heic SIGN       PUNCT          83% geometric_shape: square                  XX    
251  2F6F727A-6DFD-412F-A5FF-B2084CD8E7B2.heic SIGN       SIGN           93% high_complexity=10.00                    OK    
252  2F7E438D-ECF5-4DE3-8ADD-D6F723B65F92.heic SIGN       SIGN           93% high_complexity=10.00                    OK    
253  3-001_01.jpg                             SIGN       SIGN           93% high_complexity=10.00                    OK    
254  3-002_01.jpg                             SIGN       SIGN           93% high_complexity=10.00                    OK    
255  3-003_01.jpg                             SIGN       SIGN           93% high_complexity=10.00                    OK    
256  3-004_01.jpg                             SIGN       SIGN           93% high_complexity=10.00                    OK    
257  3-005_01.jpg                             SIGN       PUNCT          81% sparse_marks: cc=4, endpoints=172        XX    
258  30-001_01.jpg                            SIGN       SIGN           93% high_complexity=10.00                    OK    
259  30-002_01.jpg                            SIGN       SIGN           93% high_complexity=10.00                    OK    
260  30-003_01.jpg                            SIGN       SIGN           93% high_complexity=10.00                    OK    
261  30-004_01.jpg                            SIGN       SIGN           93% high_complexity=10.00                    OK    
262  30-005_01.jpg                            SIGN       SIGN           93% high_complexity=10.00                    OK    
263  31-001_01.jpg                            SIGN       SIGN           93% high_complexity=10.00                    OK    
264  31-002_01.jpg                            SIGN       SIGN           93% high_complexity=10.00                    OK    
265  31-003_01.jpg                            SIGN       SIGN           93% high_complexity=10.00                    OK    
266  31-004_01.jpg                            SIGN       SIGN           93% high_complexity=10.00                    OK    
267  31-005_01.jpg                            SIGN       SIGN           93% high_complexity=10.00                    OK    
268  32-001_01.jpg                            SIGN       SIGN           93% high_complexity=10.00                    OK    
269  32-002_01.jpg                            SIGN       SIGN           93% high_complexity=10.00                    OK    
270  32-003_01.jpg                            SIGN       SIGN           93% high_complexity=10.00                    OK    
271  32-004_01.jpg                            SIGN       PUNCT          81% sparse_marks: cc=4, endpoints=131        XX    
272  32-005_01.jpg                            SIGN       PUNCT          81% sparse_marks: cc=4, endpoints=132        XX    
273  33-001_01.jpg                            SIGN       SIGN           93% high_complexity=10.00                    OK    
274  33-002_01.jpg                            SIGN       SIGN           93% high_complexity=10.00                    OK    
275  33-003_01.jpg                            SIGN       SIGN           93% high_complexity=10.00                    OK    
276  33-004_01.jpg                            SIGN       SIGN           93% high_complexity=10.00                    OK    
277  33-005_01.jpg                            SIGN       SIGN           93% high_complexity=10.00                    OK    
278  34-001_01.jpg                            SIGN       SIGN           93% high_complexity=10.00                    OK    
279  34-002_01.jpg                            SIGN       SIGN           93% high_complexity=10.00                    OK    
280  34-003_01.jpg                            SIGN       SIGN           93% high_complexity=10.00                    OK    
281  34-004_01.jpg                            SIGN       SIGN           93% high_complexity=10.00                    OK    
282  34-005_01.jpg                            SIGN       SIGN           93% high_complexity=10.00                    OK    
283  35-001_01.jpg                            SIGN       SIGN           93% high_complexity=10.00                    OK    
284  35-002_01.jpg                            SIGN       SIGN           93% high_complexity=10.00                    OK    
285  35-003_01.jpg                            SIGN       SIGN           93% high_complexity=10.00                    OK    
286  35-004_01.jpg                            SIGN       SIGN           93% high_complexity=10.00                    OK    
287  35-005_01.jpg                            SIGN       SIGN           93% high_complexity=10.00                    OK    
288  35DD3C8F-CBAD-4D6E-A204-03D735AFD1B6.heic SIGN       SIGN           93% high_complexity=10.00                    OK    
289  36-001_01.jpg                            SIGN       SIGN           93% high_complexity=10.00                    OK    
290  36-002_01.jpg                            SIGN       SIGN           93% high_complexity=10.00                    OK    
291  36-003_01.jpg                            SIGN       PUNCT          81% sparse_marks: cc=4, endpoints=142        XX    
292  36-004_01.jpg                            SIGN       SIGN           93% high_complexity=10.00                    OK    
293  36-005_01.jpg                            SIGN       SIGN           93% high_complexity=10.00                    OK    
294  37-001_01.jpg                            SIGN       PUNCT          81% sparse_marks: cc=3, endpoints=186        XX    
295  37-002_01.jpg                            SIGN       PUNCT          81% sparse_marks: cc=4, endpoints=205        XX    
296  37-003_01.jpg                            SIGN       PUNCT          81% sparse_marks: cc=4, endpoints=142        XX    
297  37-004_01.jpg                            SIGN       SIGN           93% high_complexity=10.00                    OK    
298  37-005_01.jpg                            SIGN       SIGN           93% high_complexity=10.00                    OK    
299  37BBA981-018B-42B4-953F-577903B65129.heic SIGN       SIGN           93% high_complexity=10.00                    OK    
300  38-001_01.jpg                            SIGN       SIGN           93% high_complexity=10.00                    OK    
301  38-002_01.jpg                            SIGN       SIGN           93% high_complexity=10.00                    OK    
302  38-003_01.jpg                            SIGN       SIGN           93% high_complexity=10.00                    OK    
303  38-004_01.jpg                            SIGN       SIGN           93% high_complexity=10.00                    OK    
304  38-005_01.jpg                            SIGN       SIGN           93% high_complexity=10.00                    OK    
305  39-001_01.jpg                            SIGN       SIGN           93% high_complexity=10.00                    OK    
306  39-002_01.jpg                            SIGN       SIGN           93% high_complexity=10.00                    OK    
307  39-003_01.jpg                            SIGN       SIGN           93% high_complexity=10.00                    OK    
308  39-004_01.jpg                            SIGN       SIGN           93% high_complexity=10.00                    OK    
309  39-005_01.jpg                            SIGN       SIGN           93% high_complexity=10.00                    OK    
310  3A979684-BACE-43E9-90EC-4CFD34B9702E.heic SIGN       SIGN           93% high_complexity=10.00                    OK    
311  3B2DED8E-26D5-409D-886F-1690DB7126B9.heic SIGN       SIGN           93% high_complexity=10.00                    OK    
312  3BE0AEB9-0FB2-4009-95BE-CD472292F8C0.heic SIGN       SIGN           93% high_complexity=10.00                    OK    
313  3DE6F265-9109-45BF-96A3-4877C373BAA6.heic SIGN       SIGN           93% high_complexity=10.00                    OK    
314  3E5FAF1F-E971-4C3A-A750-90F52040A4F9.heic SIGN       PUNCT          83% geometric_shape: square                  XX    
315  4-001_01.jpg                             SIGN       SIGN           93% high_complexity=10.00                    OK    
316  4-002_01.jpg                             SIGN       SIGN           93% high_complexity=10.00                    OK    
317  4-003_01.jpg                             SIGN       SIGN           93% high_complexity=10.00                    OK    
318  4-004_01.jpg                             SIGN       SIGN           93% high_complexity=10.00                    OK    
319  4-005_01.jpg                             SIGN       SIGN           93% high_complexity=10.00                    OK    
320  40-001_01.jpg                            SIGN       SIGN           93% high_complexity=10.00                    OK    
321  40-002_01.jpg                            SIGN       SIGN           93% high_complexity=10.00                    OK    
322  40-003_01.jpg                            SIGN       SIGN           93% high_complexity=10.00                    OK    
323  40-004_01.jpg                            SIGN       SIGN           93% high_complexity=10.00                    OK    
324  40-005_01.jpg                            SIGN       SIGN           93% high_complexity=10.00                    OK    
325  41-001_01.jpg                            SIGN       SIGN           93% high_complexity=10.00                    OK    
326  41-002_01.jpg                            SIGN       SIGN           93% high_complexity=10.00                    OK    
327  41-003_01.jpg                            SIGN       SIGN           93% high_complexity=10.00                    OK    
328  41-004_01.jpg                            SIGN       SIGN           93% high_complexity=10.00                    OK    
329  41-005_01.jpg                            SIGN       SIGN           93% high_complexity=10.00                    OK    
330  42-001_01.jpg                            SIGN       SIGN           93% high_complexity=10.00                    OK    
331  42-002_01.jpg                            SIGN       SIGN           93% high_complexity=10.00                    OK    
332  42-003_01.jpg                            SIGN       SIGN           93% high_complexity=10.00                    OK    
333  42-004_01.jpg                            SIGN       SIGN           93% high_complexity=10.00                    OK    
334  42-005_01.jpg                            SIGN       SIGN           93% high_complexity=10.00                    OK    
335  43-001_01.jpg                            SIGN       SIGN           93% high_complexity=10.00                    OK    
336  43-002_01.jpg                            SIGN       SIGN           93% high_complexity=10.00                    OK    
337  43-003_01.jpg                            SIGN       SIGN           93% high_complexity=10.00                    OK    
338  43-004_01.jpg                            SIGN       SIGN           93% high_complexity=10.00                    OK    
339  43-005_01.jpg                            SIGN       SIGN           93% high_complexity=10.00                    OK    
340  43356003-C613-4EAA-A99C-F9846B2B49B4.heic SIGN       SIGN           93% high_complexity=10.00                    OK    
341  44-001_01.jpg                            SIGN       SIGN           93% high_complexity=10.00                    OK    
342  44-002_01.jpg                            SIGN       SIGN           93% high_complexity=10.00                    OK    
343  44-003_01.jpg                            SIGN       SIGN           93% high_complexity=10.00                    OK    
344  44-004_01.jpg                            SIGN       SIGN           93% high_complexity=10.00                    OK    
345  44-005_01.jpg                            SIGN       SIGN           93% high_complexity=10.00                    OK    
346  44A1B1DB-3F6D-459D-AB6C-22CA445850E0.heic SIGN       SIGN           93% high_complexity=10.00                    OK    
347  45-001_01.jpg                            SIGN       SIGN           93% high_complexity=10.00                    OK    
348  45-002_01.jpg                            SIGN       SIGN           93% high_complexity=10.00                    OK    
349  45-003_01.jpg                            SIGN       SIGN           93% high_complexity=10.00                    OK    
350  45-004_01.jpg                            SIGN       SIGN           93% high_complexity=10.00                    OK    
351  45-005_01.jpg                            SIGN       SIGN           93% high_complexity=10.00                    OK    
352  46-001_01.jpg                            SIGN       SIGN           93% high_complexity=10.00                    OK    
353  46-002_01.jpg                            SIGN       SIGN           93% high_complexity=10.00                    OK    
354  46-003_01.jpg                            SIGN       SIGN           93% high_complexity=10.00                    OK    
355  46-004_01.jpg                            SIGN       SIGN           93% high_complexity=10.00                    OK    
356  46-005_01.jpg                            SIGN       SIGN           93% high_complexity=10.00                    OK    
357  46244310-A8C0-42EE-98C3-750204A62141.heic SIGN       SIGN           93% high_complexity=10.00                    OK    
358  47-001_01.jpg                            SIGN       PUNCT          81% sparse_marks: cc=3, endpoints=91         XX    
359  47-002_01.jpg                            SIGN       SIGN           93% high_complexity=10.00                    OK    
360  47-003_01.jpg                            SIGN       SIGN           93% high_complexity=10.00                    OK    
361  47-004_01.jpg                            SIGN       SIGN           93% high_complexity=10.00                    OK    
362  47-005_01.jpg                            SIGN       SIGN           93% high_complexity=10.00                    OK    
363  48-001_01.jpg                            SIGN       PUNCT          81% sparse_marks: cc=4, endpoints=121        XX    
364  48-002_01.jpg                            SIGN       SIGN           93% high_complexity=10.00                    OK    
365  48-003_01.jpg                            SIGN       SIGN           93% high_complexity=10.00                    OK    
366  48-004_01.jpg                            SIGN       PUNCT          81% sparse_marks: cc=4, endpoints=130        XX    
367  48-005_01.jpg                            SIGN       SIGN           93% high_complexity=10.00                    OK    
368  49-001_01.jpg                            SIGN       SIGN           93% high_complexity=10.00                    OK    
369  49-002_01.jpg                            SIGN       SIGN           93% high_complexity=10.00                    OK    
370  49-003_01.jpg                            SIGN       SIGN           93% high_complexity=10.00                    OK    
371  49-004_01.jpg                            SIGN       SIGN           93% high_complexity=10.00                    OK    
372  49-005_01.jpg                            SIGN       SIGN           93% high_complexity=10.00                    OK    
373  4B422770-30D9-4CAE-A532-A908C3108971.heic SIGN       SIGN           93% high_complexity=10.00                    OK    
374  4BD0BC9C-56DE-4BF3-94E5-15FB13DE666D.heic SIGN       SIGN           93% high_complexity=10.00                    OK    
375  4D3F643E-E269-488B-9B0D-F3161C7223DD.heic SIGN       SIGN           93% high_complexity=10.00                    OK    
376  4DB07164-44B0-4271-84FB-FDBDA408016D.heic SIGN       SIGN           93% high_complexity=10.00                    OK    
377  4E0255E5-5CA6-4D16-A0BD-715FAAEB7283.heic SIGN       SIGN           93% high_complexity=10.00                    OK    
378  5-001_01.jpg                             SIGN       SIGN           93% high_complexity=10.00                    OK    
379  5-002_01.jpg                             SIGN       SIGN           93% high_complexity=10.00                    OK    
380  5-003_01.jpg                             SIGN       PUNCT          81% sparse_marks: cc=2, endpoints=96         XX    
381  5-004_01.jpg                             SIGN       PUNCT          81% sparse_marks: cc=4, endpoints=112        XX    
382  5-005_01.jpg                             SIGN       PUNCT          81% sparse_marks: cc=2, endpoints=166        XX    
383  50-001_01.jpg                            SIGN       SIGN           93% high_complexity=10.00                    OK    
384  50-002_01.jpg                            SIGN       SIGN           93% high_complexity=10.00                    OK    
385  50-003_01.jpg                            SIGN       SIGN           93% high_complexity=10.00                    OK    
386  50-004_01.jpg                            SIGN       SIGN           93% high_complexity=10.00                    OK    
387  50-005_01.jpg                            SIGN       SIGN           93% high_complexity=10.00                    OK    
388  505B93EC-1CDD-454D-B809-E671FC63AC99.heic SIGN       SIGN           93% high_complexity=10.00                    OK    
389  51-001_01.jpg                            SIGN       SIGN           93% high_complexity=10.00                    OK    
390  51-002_01.jpg                            SIGN       SIGN           93% high_complexity=10.00                    OK    
391  51-003_01.jpg                            SIGN       SIGN           93% high_complexity=10.00                    OK    
392  51-004_01.jpg                            SIGN       SIGN           93% high_complexity=10.00                    OK    
393  51-005_01.jpg                            SIGN       PUNCT          81% sparse_marks: cc=2, endpoints=140        XX    
394  52-001_01.jpg                            SIGN       SIGN           93% high_complexity=10.00                    OK    
395  52-002_01.jpg                            SIGN       PUNCT          81% sparse_marks: cc=4, endpoints=90         XX    
396  52-003_01.jpg                            SIGN       PUNCT          81% sparse_marks: cc=3, endpoints=140        XX    
397  52-004_01.jpg                            SIGN       PUNCT          81% sparse_marks: cc=4, endpoints=121        XX    
398  52-005_01.jpg                            SIGN       SIGN           93% high_complexity=10.00                    OK    
399  53-001_01.jpg                            SIGN       PUNCT          81% sparse_marks: cc=3, endpoints=133        XX    
400  53-002_01.jpg                            SIGN       PUNCT          81% sparse_marks: cc=4, endpoints=105        XX    
401  53-003_01.jpg                            SIGN       SIGN           93% high_complexity=10.00                    OK    
402  53-004_01.jpg                            SIGN       SIGN           93% high_complexity=10.00                    OK    
403  53-005_01.jpg                            SIGN       SIGN           93% high_complexity=10.00                    OK    
404  54-001_01.jpg                            SIGN       SIGN           93% high_complexity=10.00                    OK    
405  54-002_01.jpg                            SIGN       PUNCT          81% sparse_marks: cc=3, endpoints=136        XX    
406  54-003_01.jpg                            SIGN       PUNCT          81% sparse_marks: cc=2, endpoints=106        XX    
407  54-004_01.jpg                            SIGN       PUNCT          81% sparse_marks: cc=4, endpoints=111        XX    
408  54-005_01.jpg                            SIGN       SIGN           93% high_complexity=10.00                    OK    
409  55-001_01.jpg                            SIGN       SIGN           93% high_complexity=10.00                    OK    
410  55-002_01.jpg                            SIGN       SIGN           93% high_complexity=10.00                    OK    
411  55-003_01.jpg                            SIGN       PUNCT          81% sparse_marks: cc=2, endpoints=84         XX    
412  55-004_01.jpg                            SIGN       PUNCT          81% sparse_marks: cc=2, endpoints=133        XX    
413  55-005_01.jpg                            SIGN       PUNCT          81% sparse_marks: cc=3, endpoints=86         XX    
414  5523B6C9-0947-40E9-B885-94B7586F20FF.heic SIGN       SIGN           93% high_complexity=10.00                    OK    
415  56-001_01.jpg                            SIGN       SIGN           93% high_complexity=10.00                    OK    
416  56-002_01.jpg                            SIGN       PUNCT          81% sparse_marks: cc=2, endpoints=104        XX    
417  56-003_01.jpg                            SIGN       PUNCT          81% sparse_marks: cc=3, endpoints=126        XX    
418  56-004_01.jpg                            SIGN       PUNCT          81% sparse_marks: cc=2, endpoints=124        XX    
419  56-005_01.jpg                            SIGN       PUNCT          81% sparse_marks: cc=3, endpoints=102        XX    
420  57-001_01.jpg                            SIGN       PUNCT          81% sparse_marks: cc=2, endpoints=92         XX    
421  57-002_01.jpg                            SIGN       PUNCT          81% sparse_marks: cc=2, endpoints=108        XX    
422  57-003_01.jpg                            SIGN       SIGN           93% high_complexity=10.00                    OK    
423  57-004_01.jpg                            SIGN       PUNCT          81% sparse_marks: cc=4, endpoints=47         XX    
424  57-005_01.jpg                            SIGN       PUNCT          81% sparse_marks: cc=3, endpoints=123        XX    
425  58-001_01.jpg                            SIGN       SIGN           93% high_complexity=10.00                    OK    
426  58-002_01.jpg                            SIGN       SIGN           93% high_complexity=10.00                    OK    
427  58-003_01.jpg                            SIGN       SIGN           93% high_complexity=10.00                    OK    
428  58-004_01.jpg                            SIGN       PUNCT          81% sparse_marks: cc=3, endpoints=142        XX    
429  58-005_01.jpg                            SIGN       SIGN           93% high_complexity=10.00                    OK    
430  59-001_01.jpg                            SIGN       SIGN           93% high_complexity=10.00                    OK    
431  59-002_01.jpg                            SIGN       SIGN           93% high_complexity=10.00                    OK    
432  59-003_01.jpg                            SIGN       SIGN           93% high_complexity=10.00                    OK    
433  59-004_01.jpg                            SIGN       SIGN           93% high_complexity=10.00                    OK    
434  59-005_01.jpg                            SIGN       SIGN           93% high_complexity=10.00                    OK    
435  5A743D7C-ACC4-4A9B-BFCF-1AC3478DA24B.heic SIGN       SIGN           93% high_complexity=10.00                    OK    
436  5B44A4C6-703C-4F84-8A66-036EF0C752D6.heic SIGN       SIGN           93% high_complexity=10.00                    OK    
437  5CCC553E-C16A-4E10-BAB4-782460DF2928.heic SIGN       SIGN           93% high_complexity=10.00                    OK    
438  5E517590-42E5-4FA1-8F69-4574023B21B8.heic SIGN       SIGN           93% high_complexity=10.00                    OK    
439  5E5724B3-67A5-494E-9353-C2C94780CB8D.heic SIGN       SIGN           93% high_complexity=10.00                    OK    
440  6-001_01.jpg                             SIGN       SIGN           93% high_complexity=10.00                    OK    
441  6-002_01.jpg                             SIGN       SIGN           93% high_complexity=10.00                    OK    
442  6-003_01.jpg                             SIGN       SIGN           93% high_complexity=10.00                    OK    
443  6-004_01.jpg                             SIGN       SIGN           93% high_complexity=10.00                    OK    
444  6-005_01.jpg                             SIGN       SIGN           93% high_complexity=10.00                    OK    
445  60-001_01.jpg                            SIGN       SIGN           93% high_complexity=10.00                    OK    
446  60-002_01.jpg                            SIGN       SIGN           93% high_complexity=10.00                    OK    
447  60-003_01.jpg                            SIGN       SIGN           93% high_complexity=10.00                    OK    
448  60-004_01.jpg                            SIGN       SIGN           93% high_complexity=10.00                    OK    
449  60-005_01.jpg                            SIGN       SIGN           93% high_complexity=10.00                    OK    
450  6062CF86-EA10-4644-A8EA-D2BBC6371B2D.heic SIGN       SIGN           93% high_complexity=10.00                    OK    
451  61-001_01.jpg                            SIGN       PUNCT          81% sparse_marks: cc=4, endpoints=39         XX    
452  61-002_01.jpg                            SIGN       PUNCT          81% sparse_marks: cc=4, endpoints=58         XX    
453  61-003_01.jpg                            SIGN       SIGN           93% high_complexity=10.00                    OK    
454  61-004_01.jpg                            SIGN       SIGN           93% high_complexity=10.00                    OK    
455  61-005_01.jpg                            SIGN       PUNCT          81% sparse_marks: cc=4, endpoints=149        XX    
456  62-001_01.jpg                            SIGN       SIGN           93% high_complexity=10.00                    OK    
457  62-002_01.jpg                            SIGN       SIGN           93% high_complexity=10.00                    OK    
458  62-003_01.jpg                            SIGN       SIGN           93% high_complexity=10.00                    OK    
459  62-004_01.jpg                            SIGN       SIGN           93% high_complexity=10.00                    OK    
460  62-005_01.jpg                            SIGN       SIGN           93% high_complexity=10.00                    OK    
461  63-001_01.jpg                            SIGN       PUNCT          90% shape=DOT                                XX    
462  63-002_01.jpg                            SIGN       SIGN           93% high_complexity=10.00                    OK    
463  63-003_01.jpg                            SIGN       SIGN           93% high_complexity=10.00                    OK    
464  63-004_01.jpg                            SIGN       SIGN           93% high_complexity=10.00                    OK    
465  63-005_01.jpg                            SIGN       SIGN           93% high_complexity=10.00                    OK    
466  64-001_01.jpg                            SIGN       SIGN           93% high_complexity=10.00                    OK    
467  64-002_01.jpg                            SIGN       SIGN           93% high_complexity=10.00                    OK    
468  64-003_01.jpg                            SIGN       SIGN           93% high_complexity=10.00                    OK    
469  64-004_01.jpg                            SIGN       SIGN           93% high_complexity=10.00                    OK    
470  64-005_01.jpg                            SIGN       SIGN           93% high_complexity=10.00                    OK    
471  65-001_01.jpg                            SIGN       SIGN           93% high_complexity=10.00                    OK    
472  65-002_01.jpg                            SIGN       SIGN           93% high_complexity=10.00                    OK    
473  65-003_01.jpg                            SIGN       SIGN           93% high_complexity=10.00                    OK    
474  65-004_01.jpg                            SIGN       SIGN           93% high_complexity=10.00                    OK    
475  65-005_01.jpg                            SIGN       PUNCT          90% shape=DOT                                XX    
476  659A5FBC-1E07-47AF-9C36-504C004AF3C8.heic SIGN       SIGN           93% high_complexity=10.00                    OK    
477  66-001_01.jpg                            SIGN       SIGN           93% high_complexity=10.00                    OK    
478  66-002_01.jpg                            SIGN       SIGN           93% high_complexity=10.00                    OK    
479  66-003_01.jpg                            SIGN       SIGN           93% high_complexity=10.00                    OK    
480  66-004_01.jpg                            SIGN       SIGN           93% high_complexity=10.00                    OK    
481  66-005_01.jpg                            SIGN       SIGN           93% high_complexity=10.00                    OK    
482  66897AC8-92C2-414A-B8A0-3803BD612AC0.heic SIGN       SIGN           93% high_complexity=10.00                    OK    
483  67-001_01.jpg                            SIGN       SIGN           93% high_complexity=10.00                    OK    
484  67-002_01.jpg                            SIGN       SIGN           93% high_complexity=10.00                    OK    
485  67-003_01.jpg                            SIGN       SIGN           93% high_complexity=10.00                    OK    
486  67-004_01.jpg                            SIGN       SIGN           93% high_complexity=10.00                    OK    
487  67-005_01.jpg                            SIGN       SIGN           93% high_complexity=10.00                    OK    
488  6774748F-376B-457A-9236-59CDAACB83AC.heic SIGN       SIGN           93% high_complexity=10.00                    OK    
489  68-001_01.jpg                            SIGN       SIGN           93% high_complexity=10.00                    OK    
490  68-002_01.jpg                            SIGN       SIGN           93% high_complexity=10.00                    OK    
491  68-003_01.jpg                            SIGN       SIGN           93% high_complexity=10.00                    OK    
492  68-004_01.jpg                            SIGN       SIGN           93% high_complexity=10.00                    OK    
493  68-005_01.jpg                            SIGN       SIGN           93% high_complexity=10.00                    OK    
494  68602F32-CA1A-44BC-96E1-D8C7E550012E.heic SIGN       SIGN           93% high_complexity=10.00                    OK    
495  69-001_01.jpg                            SIGN       PUNCT          81% sparse_marks: cc=4, endpoints=122        XX    
496  69-002_01.jpg                            SIGN       SIGN           93% high_complexity=10.00                    OK    
497  69-003_01.jpg                            SIGN       SIGN           93% high_complexity=10.00                    OK    
498  69-004_01.jpg                            SIGN       SIGN           93% high_complexity=10.00                    OK    
499  69-005_01.jpg                            SIGN       SIGN           93% high_complexity=10.00                    OK    
500  6D0393B8-6364-4549-80D4-7C3B501DB296.heic SIGN       SIGN           93% high_complexity=10.00                    OK    
501  6E868954-3BB6-4F88-8E62-EABC6306587D.heic SIGN       SIGN           93% high_complexity=10.00                    OK    
502  6FCFDF34-9E06-4140-818D-8FAED3C13A6F.heic SIGN       SIGN           93% high_complexity=10.00                    OK    
503  7-001_01.jpg                             SIGN       SIGN           93% high_complexity=10.00                    OK    
504  7-002_01.jpg                             SIGN       SIGN           93% high_complexity=10.00                    OK    
505  7-003_01.jpg                             SIGN       SIGN           93% high_complexity=10.00                    OK    
506  7-004_01.jpg                             SIGN       SIGN           93% high_complexity=10.00                    OK    
507  7-005_01.jpg                             SIGN       PUNCT          81% sparse_marks: cc=3, endpoints=88         XX    
508  70-001_01.jpg                            SIGN       SIGN           93% high_complexity=10.00                    OK    
509  70-002_01.jpg                            SIGN       SIGN           93% high_complexity=10.00                    OK    
510  70-003_01.jpg                            SIGN       SIGN           93% high_complexity=10.00                    OK    
511  70-004_01.jpg                            SIGN       SIGN           93% high_complexity=10.00                    OK    
512  70-005_01.jpg                            SIGN       SIGN           93% high_complexity=10.00                    OK    
513  71-001_01.jpg                            SIGN       PUNCT          81% sparse_marks: cc=3, endpoints=122        XX    
514  71-002_01.jpg                            SIGN       PUNCT          81% sparse_marks: cc=2, endpoints=136        XX    
515  71-003_01.jpg                            SIGN       SIGN           93% high_complexity=10.00                    OK    
516  71-004_01.jpg                            SIGN       SIGN           93% high_complexity=10.00                    OK    
517  71-005_01.jpg                            SIGN       SIGN           93% high_complexity=10.00                    OK    
518  72-001_01.jpg                            SIGN       SIGN           93% high_complexity=10.00                    OK    
519  72-002_01.jpg                            SIGN       PUNCT          81% sparse_marks: cc=3, endpoints=139        XX    
520  72-003_01.jpg                            SIGN       SIGN           93% high_complexity=10.00                    OK    
521  729518A4-3F2C-44F9-A637-38B3D0F3E5B8.heic SIGN       SIGN           93% high_complexity=10.00                    OK    
522  7304F363-F646-4EE9-A833-E1090C64F7A8.heic SIGN       SIGN           93% high_complexity=10.00                    OK    
523  74BB15A3-3F30-42D9-9B72-E97CB15BB6DF.heic SIGN       SIGN           93% high_complexity=10.00                    OK    
524  761FAF26-CA9E-4910-86A9-E1891C3D7741.heic SIGN       SIGN           93% high_complexity=10.00                    OK    
525  7696E96E-0049-4BB5-A761-9959CEC9645B.heic SIGN       SIGN           93% high_complexity=10.00                    OK    
526  7CC211C0-1B9D-4A8A-92FC-93846FD4589C.heic SIGN       SIGN           93% high_complexity=10.00                    OK    
527  7DA23360-B757-4F44-8F7B-65CFE0C70910.heic SIGN       SIGN           93% high_complexity=10.00                    OK    
528  7EB19BE7-084A-4E16-97C6-B894521A962E.heic SIGN       SIGN           93% high_complexity=10.00                    OK    
529  7EB41BB9-01ED-4FBE-B729-459497A4071E.heic SIGN       SIGN           93% high_complexity=10.00                    OK    
530  8-001_01.jpg                             SIGN       PUNCT          81% sparse_marks: cc=2, endpoints=61         XX    
531  8-002_01.jpg                             SIGN       SIGN           93% high_complexity=10.00                    OK    
532  8-003_01.jpg                             SIGN       SIGN           93% high_complexity=10.00                    OK    
533  8-004_01.jpg                             SIGN       SIGN           93% high_complexity=10.00                    OK    
534  8-005_01.jpg                             SIGN       SIGN           93% high_complexity=10.00                    OK    
535  8016A8CA-DAEC-499A-B2EF-D8BC5D2CCCFA.heic SIGN       PUNCT          83% geometric_shape: square                  XX    
536  817A0B56-2D48-4153-B7B3-C7A065698FEA.heic SIGN       SIGN           93% high_complexity=10.00                    OK    
537  821B01FB-E9EA-4926-930B-29D1632ECCF4.heic SIGN       SIGN           93% high_complexity=10.00                    OK    
538  83E42D38-16B9-441E-8D4B-6D85F23F31B3.heic SIGN       PUNCT          83% geometric_shape: square                  XX    
539  849D74C3-DEB7-45FB-8B02-B4BF8A73508D.heic SIGN       SIGN           93% high_complexity=10.00                    OK    
540  84C56CE2-E966-4E32-AC76-889AFF74A51E.heic SIGN       SIGN           93% high_complexity=10.00                    OK    
541  8747166F-DE70-4D24-A3D9-4FDE56EC21C5.heic SIGN       SIGN           93% high_complexity=10.00                    OK    
542  88BB9614-B173-4FE5-8E9C-50335667C82F.heic SIGN       SIGN           93% high_complexity=10.00                    OK    
543  89F9F579-EAE9-4D1A-904D-4F1E73356066.heic SIGN       SIGN           93% high_complexity=10.00                    OK    
544  8B9A7DFA-F752-42F3-A423-5166A567AECC.heic SIGN       SIGN           93% high_complexity=10.00                    OK    
545  9-001_01.jpg                             SIGN       PUNCT          81% sparse_marks: cc=2, endpoints=70         XX    
546  9-002_01.jpg                             SIGN       EMPTY          92% low_ink: ink_ratio=0.0291                XX    
547  9-003_01.jpg                             SIGN       SIGN           93% high_complexity=10.00                    OK    
548  9-004_01.jpg                             SIGN       SIGN           93% high_complexity=10.00                    OK    
549  9-005_01.jpg                             SIGN       SIGN           93% high_complexity=10.00                    OK    
550  90548F9F-C27D-4C44-90E1-99DFA6C4A36A.heic SIGN       SIGN           93% high_complexity=10.00                    OK    
551  911CC246-02E0-4BA5-AA25-B17A2C2ED5FD.heic SIGN       SIGN           93% high_complexity=10.00                    OK    
552  91402DD4-C891-4C4F-B443-C5643917B614.heic SIGN       SIGN           93% high_complexity=10.00                    OK    
553  92560D7B-DDD1-4AD8-A6A8-B6CB5CDD71C1.heic SIGN       SIGN           93% high_complexity=10.00                    OK    
554  93B5B565-B2E0-4134-944B-F4908AD82846.heic SIGN       SIGN           93% high_complexity=10.00                    OK    
555  96B940C2-9909-4683-985F-9D44AE1A7732.heic SIGN       SIGN           93% high_complexity=10.00                    OK    
556  9D2358F0-6DB1-4120-9BCB-6D83B9A13206.heic SIGN       SIGN           93% high_complexity=10.00                    OK    
557  9EE00C69-B582-4FE5-9E05-F8301330C662.heic SIGN       SIGN           93% high_complexity=10.00                    OK    
558  9F850600-4829-4609-8331-6C7AA5D32327.heic SIGN       SIGN           93% high_complexity=10.00                    OK    
559  A1F680A4-9281-4B86-8B88-29D95093F948.heic SIGN       SIGN           93% high_complexity=10.00                    OK    
560  A464E1F7-59A4-43E2-B236-C4670E7BB600.heic SIGN       SIGN           93% high_complexity=10.00                    OK    
561  A618F456-782B-4E5A-B23A-A6EE83A6D008.heic SIGN       SIGN           93% high_complexity=10.00                    OK    
562  A7EC31EB-4A29-40C3-A3F0-71273643EE54.heic SIGN       SIGN           93% high_complexity=10.00                    OK    
563  A8959CC5-072E-44F1-B5A4-0FD37DCB0CC1.heic SIGN       SIGN           93% high_complexity=10.00                    OK    
564  A90D2284-F1E7-4EF2-A116-5C6BCAFB1BCB.heic SIGN       PUNCT          83% geometric_shape: square                  XX    
565  A9845966-E92E-42F2-BFF5-56117E345163.heic SIGN       SIGN           93% high_complexity=10.00                    OK    
566  AA8016BB-F74B-4B34-B296-DAB88C8DB75B.heic SIGN       SIGN           93% high_complexity=10.00                    OK    
567  AB0F94B0-372A-4320-B53A-99AC281425A3.heic SIGN       SIGN           93% high_complexity=10.00                    OK    
568  AB30F313-D32E-44BB-BA88-0BF8CFDFE227.heic SIGN       SIGN           93% high_complexity=10.00                    OK    
569  AB9310E2-FF16-45A8-96B2-E118C5BB7C50.heic SIGN       SIGN           93% high_complexity=10.00                    OK    
570  AC20161D-24D6-4357-B1AA-206121414815.heic SIGN       SIGN           93% high_complexity=10.00                    OK    
571  AE3234A8-E752-473B-AE04-9C593DF35774.heic SIGN       SIGN           93% high_complexity=10.00                    OK    
572  AEA4468A-897D-4455-B55D-79F296FCDAA8.heic SIGN       SIGN           93% high_complexity=10.00                    OK    
573  B0772DC5-C0C6-4A6C-ADF7-D0D00581A4D5.heic SIGN       PUNCT          83% geometric_shape: square                  XX    
574  B11B6F02-09EF-48A9-86BE-101B744C894C.heic SIGN       SIGN           93% high_complexity=10.00                    OK    
575  B139E218-0064-4D46-879E-F3E3E51F8410.heic SIGN       SIGN           93% high_complexity=10.00                    OK    
576  B625D690-95BA-48A7-B26D-6B8F0B00EF08.heic SIGN       SIGN           93% high_complexity=10.00                    OK    
577  B80A503F-3743-4DEC-ACEF-C4101B882241.heic SIGN       SIGN           93% high_complexity=10.00                    OK    
578  B84E3733-27F4-451E-A63E-A734FEC2A76B.heic SIGN       PUNCT          83% geometric_shape: square                  XX    
579  B9E1F35D-3B68-4E52-96AD-DEF91A11F97E.heic SIGN       SIGN           93% high_complexity=10.00                    OK    
580  BB12F3DC-8E8E-4F88-AF5F-B12CC41268C6.heic SIGN       SIGN           93% high_complexity=10.00                    OK    
581  BE77F432-D0DD-4042-81F2-EDF5B6A9DF06.heic SIGN       SIGN           93% high_complexity=10.00                    OK    
582  C281DC58-92D1-45EA-94B2-09B068257243.heic SIGN       SIGN           93% high_complexity=10.00                    OK    
583  C779C6D5-E87F-443A-B7F9-00F8C290A9C4.heic SIGN       SIGN           93% high_complexity=10.00                    OK    
584  C8F17176-82F3-4475-84F8-AC81B2AC3AA4.heic SIGN       SIGN           93% high_complexity=10.00                    OK    
585  CA05E643-22AA-4BDC-942A-8C4AD2CE9AB4.heic SIGN       SIGN           93% high_complexity=10.00                    OK    
586  CAB33231-6372-4EA2-A833-FE86FC500832.heic SIGN       PUNCT          83% geometric_shape: square                  XX    
587  CB260E48-2A82-4C44-8919-2171FED258FF.heic SIGN       SIGN           93% high_complexity=10.00                    OK    
588  D1B7DB43-6539-4D78-BA95-4971093FFBB1.heic SIGN       SIGN           93% high_complexity=10.00                    OK    
589  D2E1EC75-9379-4865-980A-BAC20886E938.heic SIGN       SIGN           93% high_complexity=10.00                    OK    
590  D3BF5F25-9CB3-4D37-AA65-7526AE597E8F.heic SIGN       SIGN           93% high_complexity=10.00                    OK    
591  DBFD1376-88F7-488E-82CD-B7F389A06A5E.heic SIGN       PUNCT          83% geometric_shape: square                  XX    
592  DCF2932D-AE44-4C47-9BC1-492B59A2D0AD.heic SIGN       SIGN           93% high_complexity=10.00                    OK    
593  DD062EBA-43B9-454F-A760-ADD17DA9FB5F.heic SIGN       SIGN           93% high_complexity=10.00                    OK    
594  DD872E46-AAD6-403B-B8AE-2D48C0FD0300.heic SIGN       SIGN           93% high_complexity=10.00                    OK    
595  E4808E74-7C7D-4369-958F-8971FEB2ADA1.heic SIGN       SIGN           93% high_complexity=10.00                    OK    
596  E521D1C0-1FE9-4E8F-89C1-6EACD0E3A2F5.heic SIGN       SIGN           93% high_complexity=10.00                    OK    
597  E80C562F-F640-41DF-8616-38FEB603624F.heic SIGN       SIGN           93% high_complexity=10.00                    OK    
598  EB1548E2-1E2B-4FDA-9559-DE337DD2A553.heic SIGN       SIGN           93% high_complexity=10.00                    OK    
599  EB83FCEE-ED85-4299-9A09-24B7AD12FD9D.heic SIGN       SIGN           93% high_complexity=10.00                    OK    
600  EBB87DBD-4A99-4A67-8E18-B0B4CEA843A5.heic SIGN       SIGN           93% high_complexity=10.00                    OK    
601  ED29854E-835B-41A6-BBB9-5821E15CD5EA.heic SIGN       SIGN           93% high_complexity=10.00                    OK    
602  EDA96A90-7926-413B-B938-C52393B10D0C.heic SIGN       SIGN           93% high_complexity=10.00                    OK    
603  EDF4E547-CFC2-482D-9717-88452441123E.heic SIGN       SIGN           93% high_complexity=10.00                    OK    
604  emp.jpg                                  EMPTY      EMPTY          92% low_ink: ink_ratio=0.0249                OK    
605  emp2.jpg                                 EMPTY      EMPTY          92% low_ink: ink_ratio=0.0228                OK    
606  empty_black.png                          EMPTY      EMPTY          95% ink_ratio=0.0000 (very low)              OK    
607  empty_noise.png                          EMPTY      EMPTY          90% noise: 708 components, largest_ratio=0.0 OK    
608  empty_white.png                          EMPTY      EMPTY          95% ink_ratio=0.0000 (very low)              OK    
609  F061045E-4AB9-4A32-8456-062C262949A0.heic SIGN       SIGN           93% high_complexity=10.00                    OK    
610  F070B1AF-017E-4193-AC7D-9FD4346817CB.heic SIGN       SIGN           93% high_complexity=10.00                    OK    
611  F0718A82-1C94-4450-9B3F-13249DA33F14.heic SIGN       SIGN           93% high_complexity=10.00                    OK    
612  F0A76BC0-D53A-4218-A5E5-A2FED49CCF31.heic SIGN       SIGN           93% high_complexity=10.00                    OK    
613  f18-30 (1).jpg                           SIGN       SIGN           93% high_complexity=10.00                    OK    
614  f18-30 (1001).jpg                        SIGN       SIGN           93% high_complexity=10.00                    OK    
615  f18-30 (101).jpg                         SIGN       PUNCT          82% geometric_punct: cc=2, skel=4115         XX    
616  f18-30 (1011).jpg                        SIGN       SIGN           93% high_complexity=10.00                    OK    
617  f18-30 (1021).jpg                        SIGN       PUNCT          81% sparse_marks: cc=4, endpoints=100        XX    
618  f18-30 (1031).jpg                        SIGN       SIGN           93% high_complexity=10.00                    OK    
619  f18-30 (1041).jpg                        SIGN       SIGN           93% high_complexity=10.00                    OK    
620  f18-30 (1051).jpg                        SIGN       SIGN           93% high_complexity=10.00                    OK    
621  f18-30 (1061).jpg                        SIGN       SIGN           93% high_complexity=10.00                    OK    
622  f18-30 (1071).jpg                        SIGN       SIGN           93% high_complexity=10.00                    OK    
623  f18-30 (1081).jpg                        SIGN       SIGN           93% high_complexity=10.00                    OK    
624  f18-30 (1091).jpg                        SIGN       SIGN           93% high_complexity=10.00                    OK    
625  f18-30 (11).jpg                          SIGN       SIGN           93% high_complexity=10.00                    OK    
626  f18-30 (1101).jpg                        SIGN       SIGN           93% high_complexity=10.00                    OK    
627  f18-30 (111).jpg                         SIGN       PUNCT          81% sparse_marks: cc=3, endpoints=301        XX    
628  f18-30 (1111).jpg                        SIGN       SIGN           93% high_complexity=10.00                    OK    
629  f18-30 (1121).jpg                        SIGN       PUNCT          81% sparse_marks: cc=4, endpoints=242        XX    
630  f18-30 (1131).jpg                        SIGN       PUNCT          81% sparse_marks: cc=2, endpoints=374        XX    
631  f18-30 (1141).jpg                        SIGN       SIGN           93% high_complexity=10.00                    OK    
632  f18-30 (1151).jpg                        SIGN       SIGN           93% high_complexity=10.00                    OK    
633  f18-30 (1161).jpg                        SIGN       SIGN           93% high_complexity=10.00                    OK    
634  f18-30 (1171).jpg                        SIGN       SIGN           93% high_complexity=10.00                    OK    
635  f18-30 (1181).jpg                        SIGN       PUNCT          81% sparse_marks: cc=2, endpoints=370        XX    
636  f18-30 (1191).jpg                        SIGN       SIGN           93% high_complexity=10.00                    OK    
637  f18-30 (1201).jpg                        SIGN       PUNCT          81% sparse_marks: cc=2, endpoints=295        XX    
638  f18-30 (121).jpg                         SIGN       SIGN           93% high_complexity=10.00                    OK    
639  f18-30 (1211).jpg                        SIGN       SIGN           93% high_complexity=10.00                    OK    
640  f18-30 (1221).jpg                        SIGN       SIGN           93% high_complexity=10.00                    OK    
641  f18-30 (1231).jpg                        SIGN       SIGN           93% high_complexity=10.00                    OK    
642  f18-30 (1241).jpg                        SIGN       SIGN           93% high_complexity=10.00                    OK    
643  f18-30 (1251).jpg                        SIGN       SIGN           93% high_complexity=10.00                    OK    
644  f18-30 (1261).jpg                        SIGN       SIGN           93% high_complexity=10.00                    OK    
645  f18-30 (1271).jpg                        SIGN       PUNCT          81% sparse_marks: cc=3, endpoints=341        XX    
646  f18-30 (1281).jpg                        SIGN       SIGN           93% high_complexity=10.00                    OK    
647  f18-30 (1291).jpg                        SIGN       SIGN           93% high_complexity=10.00                    OK    
648  f18-30 (1301).jpg                        SIGN       SIGN           93% high_complexity=10.00                    OK    
649  f18-30 (131).jpg                         SIGN       SIGN           93% high_complexity=10.00                    OK    
650  f18-30 (1311).jpg                        SIGN       SIGN           93% high_complexity=10.00                    OK    
651  f18-30 (1321).jpg                        SIGN       PUNCT          81% sparse_marks: cc=3, endpoints=240        XX    
652  f18-30 (1331).jpg                        SIGN       SIGN           93% high_complexity=10.00                    OK    
653  f18-30 (1341).jpg                        SIGN       SIGN           93% high_complexity=10.00                    OK    
654  f18-30 (1351).jpg                        SIGN       SIGN           93% high_complexity=10.00                    OK    
655  f18-30 (1361).jpg                        SIGN       SIGN           93% high_complexity=10.00                    OK    
656  f18-30 (1371).jpg                        SIGN       SIGN           93% high_complexity=10.00                    OK    
657  f18-30 (1381).jpg                        SIGN       SIGN           93% high_complexity=10.00                    OK    
658  f18-30 (1391).jpg                        SIGN       SIGN           93% high_complexity=10.00                    OK    
659  f18-30 (1401).jpg                        SIGN       SIGN           93% high_complexity=10.00                    OK    
660  f18-30 (141).jpg                         SIGN       SIGN           93% high_complexity=10.00                    OK    
661  f18-30 (1411).jpg                        SIGN       SIGN           93% high_complexity=10.00                    OK    
662  f18-30 (1421).jpg                        SIGN       PUNCT          81% sparse_marks: cc=4, endpoints=322        XX    
663  f18-30 (1431).jpg                        SIGN       SIGN           93% high_complexity=10.00                    OK    
664  f18-30 (1441).jpg                        SIGN       SIGN           93% high_complexity=10.00                    OK    
665  f18-30 (1451).jpg                        SIGN       SIGN           93% high_complexity=10.00                    OK    
666  f18-30 (1461).jpg                        SIGN       SIGN           93% high_complexity=10.00                    OK    
667  f18-30 (1471).jpg                        SIGN       SIGN           93% high_complexity=10.00                    OK    
668  f18-30 (1481).jpg                        SIGN       SIGN           93% high_complexity=10.00                    OK    
669  f18-30 (1491).jpg                        SIGN       SIGN           93% high_complexity=10.00                    OK    
670  f18-30 (1501).jpg                        SIGN       PUNCT          81% sparse_marks: cc=2, endpoints=197        XX    
671  f18-30 (151).jpg                         SIGN       SIGN           93% high_complexity=10.00                    OK    
672  f18-30 (1511).jpg                        SIGN       PUNCT          81% sparse_marks: cc=2, endpoints=244        XX    
673  f18-30 (1521).jpg                        SIGN       SIGN           93% high_complexity=10.00                    OK    
674  f18-30 (1531).jpg                        SIGN       SIGN           93% high_complexity=10.00                    OK    
675  f18-30 (1541).jpg                        SIGN       SIGN           93% high_complexity=10.00                    OK    
676  f18-30 (1551).jpg                        SIGN       SIGN           93% high_complexity=10.00                    OK    
677  f18-30 (1561).jpg                        SIGN       SIGN           93% high_complexity=10.00                    OK    
678  f18-30 (1571).jpg                        SIGN       PUNCT          81% sparse_marks: cc=4, endpoints=306        XX    
679  f18-30 (1581).jpg                        SIGN       SIGN           93% high_complexity=10.00                    OK    
680  f18-30 (1591).jpg                        SIGN       SIGN           93% high_complexity=10.00                    OK    
681  f18-30 (1601).jpg                        SIGN       PUNCT          81% sparse_marks: cc=3, endpoints=143        XX    
682  f18-30 (161).jpg                         SIGN       PUNCT          81% sparse_marks: cc=4, endpoints=266        XX    
683  f18-30 (1611).jpg                        SIGN       SIGN           93% high_complexity=10.00                    OK    
684  f18-30 (1621).jpg                        SIGN       SIGN           93% high_complexity=10.00                    OK    
685  f18-30 (1631).jpg                        SIGN       SIGN           93% high_complexity=10.00                    OK    
686  f18-30 (1641).jpg                        SIGN       SIGN           93% high_complexity=10.00                    OK    
687  f18-30 (1651).jpg                        SIGN       SIGN           93% high_complexity=10.00                    OK    
688  f18-30 (1661).jpg                        SIGN       SIGN           93% high_complexity=10.00                    OK    
689  f18-30 (1671).jpg                        SIGN       SIGN           93% high_complexity=10.00                    OK    
690  f18-30 (1681).jpg                        SIGN       SIGN           93% high_complexity=10.00                    OK    
691  f18-30 (1691).jpg                        SIGN       PUNCT          81% sparse_marks: cc=3, endpoints=173        XX    
692  f18-30 (1701).jpg                        SIGN       PUNCT          81% sparse_marks: cc=2, endpoints=187        XX    
693  f18-30 (171).jpg                         SIGN       PUNCT          82% geometric_punct: cc=2, skel=3884         XX    
694  f18-30 (1711).jpg                        SIGN       SIGN           93% high_complexity=10.00                    OK    
695  f18-30 (1721).jpg                        SIGN       SIGN           93% high_complexity=10.00                    OK    
696  f18-30 (1731).jpg                        SIGN       SIGN           93% high_complexity=10.00                    OK    
697  f18-30 (1741).jpg                        SIGN       SIGN           93% high_complexity=10.00                    OK    
698  f18-30 (1751).jpg                        SIGN       PUNCT          81% sparse_marks: cc=2, endpoints=216        XX    
699  f18-30 (1761).jpg                        SIGN       PUNCT          81% sparse_marks: cc=3, endpoints=80         XX    
700  f18-30 (181).jpg                         SIGN       SIGN           93% high_complexity=10.00                    OK    
701  f18-30 (191).jpg                         SIGN       SIGN           93% high_complexity=10.00                    OK    
702  f18-30 (201).jpg                         SIGN       SIGN           93% high_complexity=10.00                    OK    
703  f18-30 (21).jpg                          SIGN       PUNCT          82% geometric_punct: cc=3, skel=3822         XX    
704  f18-30 (211).jpg                         SIGN       SIGN           93% high_complexity=10.00                    OK    
705  f18-30 (221).jpg                         SIGN       PUNCT          81% sparse_marks: cc=3, endpoints=261        XX    
706  f18-30 (231).jpg                         SIGN       SIGN           93% high_complexity=10.00                    OK    
707  f18-30 (241).jpg                         SIGN       SIGN           93% high_complexity=10.00                    OK    
708  f18-30 (251).jpg                         SIGN       SIGN           93% high_complexity=10.00                    OK    
709  f18-30 (261).jpg                         SIGN       SIGN           93% high_complexity=10.00                    OK    
710  f18-30 (271).jpg                         SIGN       SIGN           93% high_complexity=10.00                    OK    
711  f18-30 (281).jpg                         SIGN       SIGN           93% high_complexity=10.00                    OK    
712  f18-30 (291).jpg                         SIGN       SIGN           93% high_complexity=10.00                    OK    
713  f18-30 (301).jpg                         SIGN       SIGN           93% high_complexity=10.00                    OK    
714  f18-30 (31).jpg                          SIGN       PUNCT          82% geometric_punct: cc=3, skel=4233         XX    
715  f18-30 (311).jpg                         SIGN       PUNCT          81% sparse_marks: cc=2, endpoints=128        XX    
716  f18-30 (321).jpg                         SIGN       PUNCT          81% sparse_marks: cc=3, endpoints=199        XX    
717  f18-30 (331).jpg                         SIGN       SIGN           93% high_complexity=10.00                    OK    
718  f18-30 (341).jpg                         SIGN       PUNCT          81% sparse_marks: cc=2, endpoints=122        XX    
719  f18-30 (351).jpg                         SIGN       SIGN           93% high_complexity=10.00                    OK    
720  f18-30 (361).jpg                         SIGN       SIGN           93% high_complexity=10.00                    OK    
721  f18-30 (371).jpg                         SIGN       SIGN           93% high_complexity=10.00                    OK    
722  f18-30 (381).jpg                         SIGN       SIGN           93% high_complexity=10.00                    OK    
723  f18-30 (391).jpg                         SIGN       PUNCT          81% sparse_marks: cc=2, endpoints=242        XX    
724  f18-30 (401).jpg                         SIGN       SIGN           93% high_complexity=10.00                    OK    
725  f18-30 (41).jpg                          SIGN       SIGN           93% high_complexity=10.00                    OK    
726  f18-30 (411).jpg                         SIGN       PUNCT          81% sparse_marks: cc=4, endpoints=211        XX    
727  f18-30 (421).jpg                         SIGN       SIGN           93% high_complexity=10.00                    OK    
728  f18-30 (431).jpg                         SIGN       SIGN           93% high_complexity=10.00                    OK    
729  f18-30 (441).jpg                         SIGN       SIGN           93% high_complexity=10.00                    OK    
730  f18-30 (451).jpg                         SIGN       SIGN           93% high_complexity=10.00                    OK    
731  f18-30 (461).jpg                         SIGN       SIGN           93% high_complexity=10.00                    OK    
732  f18-30 (471).jpg                         SIGN       SIGN           93% high_complexity=10.00                    OK    
733  f18-30 (481).jpg                         SIGN       SIGN           93% high_complexity=10.00                    OK    
734  f18-30 (491).jpg                         SIGN       PUNCT          81% sparse_marks: cc=3, endpoints=118        XX    
735  f18-30 (501).jpg                         SIGN       SIGN           93% high_complexity=10.00                    OK    
736  f18-30 (51).jpg                          SIGN       PUNCT          81% sparse_marks: cc=2, endpoints=260        XX    
737  f18-30 (511).jpg                         SIGN       PUNCT          81% sparse_marks: cc=2, endpoints=155        XX    
738  f18-30 (521).jpg                         SIGN       PUNCT          81% sparse_marks: cc=2, endpoints=166        XX    
739  f18-30 (531).jpg                         SIGN       PUNCT          81% sparse_marks: cc=2, endpoints=205        XX    
740  f18-30 (541).jpg                         SIGN       SIGN           93% high_complexity=10.00                    OK    
741  f18-30 (551).jpg                         SIGN       PUNCT          81% sparse_marks: cc=2, endpoints=345        XX    
742  f18-30 (561).jpg                         SIGN       SIGN           93% high_complexity=10.00                    OK    
743  f18-30 (571).jpg                         SIGN       SIGN           93% high_complexity=10.00                    OK    
744  f18-30 (581).jpg                         SIGN       PUNCT          81% sparse_marks: cc=3, endpoints=51         XX    
745  f18-30 (591).jpg                         SIGN       SIGN           93% high_complexity=10.00                    OK    
746  f18-30 (601).jpg                         SIGN       PUNCT          81% sparse_marks: cc=3, endpoints=176        XX    
